// Jest Snapshot v1, https://goo.gl/fbAQLP

exports[`Snapshot footer test Testing Footer 1`] = `
<div>
  <hr />
  <center>
    <h3>
      Â© Developers Funnel 
       
    </h3>
  </center>
</div>
`;
