// Jest Snapshot v1, https://goo.gl/fbAQLP

exports[`Snapshot Product test Testing Product 1`] = `
<div
  className="row row-cols-1 row-cols-md-4 g-4"
>
  <div
    className="col"
  >
    <div
      className="card"
      style={
        Object {
          "height": "350px",
        }
      }
    >
      <img
        className="card-mg-top"
        src="https://i.ibb.co/8BJhgK2/r6xkegcloxgn5eq8owwg.jpg"
        style={
          Object {
            "height": "100px",
            "marginLeft": "10%",
            "width": "70%",
          }
        }
      />
      <div
        className="card-body"
      >
        <h5
          className="card-title"
        >
          3M 9004IN Particle Respirator Mask
        </h5>
        <p
          className="card-text"
        >
          box of 10 masks
        </p>
        <p
          className="card-text"
        >
          Rs. 
          180
        </p>
        <p
          className="card-text"
        >
          Use: 
        </p>
      </div>
    </div>
  </div>
  <div
    className="col"
  >
    <div
      className="card"
      style={
        Object {
          "height": "350px",
        }
      }
    >
      <img
        className="card-mg-top"
        src="https://i.ibb.co/fHQ8JY4/kclatp7d9dt0dwgu4zkq.jpg"
        style={
          Object {
            "height": "100px",
            "marginLeft": "10%",
            "width": "70%",
          }
        }
      />
      <div
        className="card-body"
      >
        <h5
          className="card-title"
        >
          Vogmask Vector Havoc N99CV Mask Large
        </h5>
        <p
          className="card-text"
        >
          box of 10 masks
        </p>
        <p
          className="card-text"
        >
          Rs. 
          200
        </p>
        <p
          className="card-text"
        >
          Use: 
        </p>
      </div>
    </div>
  </div>
</div>
`;

exports[`Snapshot Product test Testing Product 2`] = `
<div
  className="row row-cols-1 row-cols-md-4 g-4"
>
  <div
    className="col"
  >
    <div
      className="card"
      style={
        Object {
          "height": "350px",
        }
      }
    >
      <img
        className="card-mg-top"
        src="https://i.ibb.co/8BJhgK2/r6xkegcloxgn5eq8owwg.jpg"
        style={
          Object {
            "height": "100px",
            "marginLeft": "10%",
            "width": "70%",
          }
        }
      />
      <div
        className="card-body"
      >
        <h5
          className="card-title"
        >
          3M 9004IN Particle Respirator Mask
        </h5>
        <p
          className="card-text"
        >
          box of 10 masks
        </p>
        <p
          className="card-text"
        >
          Rs. 
          180
        </p>
        <p
          className="card-text"
        >
          Use: 
        </p>
      </div>
    </div>
  </div>
  <div
    className="col"
  >
    <div
      className="card"
      style={
        Object {
          "height": "350px",
        }
      }
    >
      <img
        className="card-mg-top"
        src="https://i.ibb.co/fHQ8JY4/kclatp7d9dt0dwgu4zkq.jpg"
        style={
          Object {
            "height": "100px",
            "marginLeft": "10%",
            "width": "70%",
          }
        }
      />
      <div
        className="card-body"
      >
        <h5
          className="card-title"
        >
          Vogmask Vector Havoc N99CV Mask Large
        </h5>
        <p
          className="card-text"
        >
          box of 10 masks
        </p>
        <p
          className="card-text"
        >
          Rs. 
          200
        </p>
        <p
          className="card-text"
        >
          Use: 
        </p>
      </div>
    </div>
  </div>
</div>
`;
